// Jest Snapshot v1, https://goo.gl/fbAQLP

exports[`AppCompiler constructor 1`] = `
Object {
  "wx": "tt",
}
`;

exports[`AppCompiler initialize 1`] = `
Object {
  "wx": "a",
}
`;
